nohup: ignoring input
[2025-10-21 19:43:26,812: INFO/MainProcess] beat: Starting...
celery beat v5.5.3 (immunity) is starting.
__    -    ... __   -        _
LocalTime -> 2025-10-21 19:43:26
Configuration ->
    . broker -> redis://localhost:6379/0
    . loader -> celery.loaders.app.AppLoader
    . scheduler -> celery.beat.PersistentScheduler
    . db -> celerybeat-schedule
    . logfile -> [stderr]@%INFO
    . maxinterval -> 5.00 minutes (300s)
nohup: ignoring input
[2025-10-21 19:54:04,182: INFO/MainProcess] beat: Starting...
celery beat v5.5.3 (immunity) is starting.
__    -    ... __   -        _
LocalTime -> 2025-10-21 19:54:04
Configuration ->
    . broker -> redis://localhost:6379/0
    . loader -> celery.loaders.app.AppLoader
    . scheduler -> celery.beat.PersistentScheduler
    . db -> celerybeat-schedule
    . logfile -> [stderr]@%INFO
    . maxinterval -> 5.00 minutes (300s)
nohup: ignoring input
[2025-10-21 19:54:50,717: INFO/MainProcess] beat: Starting...
celery beat v5.5.3 (immunity) is starting.
__    -    ... __   -        _
LocalTime -> 2025-10-21 19:54:50
Configuration ->
    . broker -> redis://localhost:6379/0
    . loader -> celery.loaders.app.AppLoader
    . scheduler -> celery.beat.PersistentScheduler
    . db -> celerybeat-schedule
    . logfile -> [stderr]@%INFO
    . maxinterval -> 5.00 minutes (300s)
nohup: ignoring input
[2025-10-21 19:56:47,388: INFO/MainProcess] beat: Starting...
celery beat v5.5.3 (immunity) is starting.
__    -    ... __   -        _
LocalTime -> 2025-10-21 19:56:47
Configuration ->
    . broker -> redis://localhost:6379/0
    . loader -> celery.loaders.app.AppLoader
    . scheduler -> celery.beat.PersistentScheduler
    . db -> celerybeat-schedule
    . logfile -> [stderr]@%INFO
    . maxinterval -> 5.00 minutes (300s)
nohup: ignoring input
[2025-10-21 19:58:27,356: INFO/MainProcess] beat: Starting...
[2025-10-21 20:00:00,002: INFO/MainProcess] Scheduler: Sending due task obtener-token-cada-hora (integrations.tasks.tarea_obtener_token)
celery beat v5.5.3 (immunity) is starting.
__    -    ... __   -        _
LocalTime -> 2025-10-21 19:58:27
Configuration ->
    . broker -> redis://localhost:6379/0
    . loader -> celery.loaders.app.AppLoader
    . scheduler -> celery.beat.PersistentScheduler
    . db -> celerybeat-schedule
    . logfile -> [stderr]@%INFO
    . maxinterval -> 5.00 minutes (300s)
nohup: ignoring input
[2025-10-22 13:22:16,975: INFO/MainProcess] beat: Starting...
celery beat v5.5.3 (immunity) is starting.
__    -    ... __   -        _
LocalTime -> 2025-10-22 13:22:16
Configuration ->
    . broker -> redis://localhost:6379/0
    . loader -> celery.loaders.app.AppLoader
    . scheduler -> celery.beat.PersistentScheduler
    . db -> celerybeat-schedule
    . logfile -> [stderr]@%INFO
    . maxinterval -> 5.00 minutes (300s)
nohup: ignoring input
[2025-10-22 13:22:57,800: INFO/MainProcess] beat: Starting...
celery beat v5.5.3 (immunity) is starting.
__    -    ... __   -        _
LocalTime -> 2025-10-22 13:22:57
Configuration ->
    . broker -> redis://localhost:6379/0
    . loader -> celery.loaders.app.AppLoader
    . scheduler -> celery.beat.PersistentScheduler
    . db -> celerybeat-schedule
    . logfile -> [stderr]@%INFO
    . maxinterval -> 5.00 minutes (300s)
nohup: ignoring input
[2025-10-22 13:25:00,289: INFO/MainProcess] beat: Starting...
[2025-10-22 14:00:00,153: INFO/MainProcess] Scheduler: Sending due task obtener-token-cada-hora (integrations.tasks.tarea_obtener_token)
celery beat v5.5.3 (immunity) is starting.
__    -    ... __   -        _
LocalTime -> 2025-10-22 13:25:00
Configuration ->
    . broker -> redis://localhost:6379/0
    . loader -> celery.loaders.app.AppLoader
    . scheduler -> celery.beat.PersistentScheduler
    . db -> celerybeat-schedule
    . logfile -> [stderr]@%INFO
    . maxinterval -> 5.00 minutes (300s)
nohup: ignoring input
[2025-10-22 14:16:02,681: INFO/MainProcess] beat: Starting...
