Usage: celery [OPTIONS] COMMAND [ARGS]...
Try 'celery --help' for help.

Error: 
Unable to load celery application.
While trying to load the module integrations.celery_app.app the following error occurred:
Traceback (most recent call last):
  File "/home/inntesec-ia/Proyecto-Dashboard/venv/lib/python3.12/site-packages/celery/bin/celery.py", line 141, in celery
    app = find_app(app)
          ^^^^^^^^^^^^^
  File "/home/inntesec-ia/Proyecto-Dashboard/venv/lib/python3.12/site-packages/celery/app/utils.py", line 383, in find_app
    sym = symbol_by_name(app, imp=imp)
          ^^^^^^^^^^^^^^^^^^^^^^^^^^^^
  File "/home/inntesec-ia/Proyecto-Dashboard/venv/lib/python3.12/site-packages/kombu/utils/imports.py", line 59, in symbol_by_name
    module = imp(module_name, package=package, **kwargs)
             ^^^^^^^^^^^^^^^^^^^^^^^^^^^^^^^^^^^^^^^^^^^
  File "/home/inntesec-ia/Proyecto-Dashboard/venv/lib/python3.12/site-packages/celery/utils/imports.py", line 109, in import_from_cwd
    return imp(module, package=package)
           ^^^^^^^^^^^^^^^^^^^^^^^^^^^^
  File "/usr/lib/python3.12/importlib/__init__.py", line 90, in import_module
    return _bootstrap._gcd_import(name[level:], package, level)
           ^^^^^^^^^^^^^^^^^^^^^^^^^^^^^^^^^^^^^^^^^^^^^^^^^^^^
  File "<frozen importlib._bootstrap>", line 1387, in _gcd_import
  File "<frozen importlib._bootstrap>", line 1360, in _find_and_load
  File "<frozen importlib._bootstrap>", line 1331, in _find_and_load_unlocked
  File "<frozen importlib._bootstrap>", line 935, in _load_unlocked
  File "<frozen importlib._bootstrap_external>", line 991, in exec_module
  File "<frozen importlib._bootstrap_external>", line 1129, in get_code
  File "<frozen importlib._bootstrap_external>", line 1059, in source_to_code
  File "<frozen importlib._bootstrap>", line 488, in _call_with_frames_removed
  File "/home/inntesec-ia/Proyecto-Dashboard/mysite/integrations/celery_app.py", line 29
    pkill -f 'celery -A integrations.celery_app.app'
             ^^^^^^^^^^^^^^^^^^^^^^^^^^^^^^^^^^^^^^^
SyntaxError: invalid syntax

[2025-10-21 13:27:31,382: INFO/MainProcess] beat: Starting...
 
 -------------- celery@ia-customer-portal v5.5.3 (immunity)
--- ***** ----- 
-- ******* ---- Linux-6.14.0-1013-azure-x86_64-with-glibc2.39 2025-10-21 13:27:36
- *** --- * --- 
- ** ---------- [config]
- ** ---------- .> app:         integrations:0x7074702b0cb0
- ** ---------- .> transport:   redis://localhost:6379/0
- ** ---------- .> results:     redis://localhost:6379/1
- *** --- * --- .> concurrency: 2 (prefork)
-- ******* ---- .> task events: OFF (enable -E to monitor tasks in this worker)
--- ***** ----- 
 -------------- [queues]
                .> celery           exchange=celery(direct) key=celery
                

[tasks]
  . integrations.tasks.tarea_ingesta_api
  . integrations.tasks.tarea_obtener_token

[2025-10-21 13:27:36,218: INFO/MainProcess] Connected to redis://localhost:6379/0
[2025-10-21 13:27:36,222: INFO/MainProcess] mingle: searching for neighbors
[2025-10-21 13:27:37,232: INFO/MainProcess] mingle: all alone
[2025-10-21 13:27:37,245: INFO/MainProcess] celery@ia-customer-portal ready.
[2025-10-21 13:27:55,567: INFO/MainProcess] Task integrations.tasks.tarea_ingesta_api[9e70b628-6bd9-4be5-bd17-500a03f2181b] received
[2025-10-21 13:27:55,569: INFO/ForkPoolWorker-2] Inicio de ingesta de API
[2025-10-21 13:27:55,569: ERROR/ForkPoolWorker-2] No se encontró token.txt
[2025-10-21 13:27:55,574: INFO/ForkPoolWorker-2] Task integrations.tasks.tarea_ingesta_api[9e70b628-6bd9-4be5-bd17-500a03f2181b] succeeded in 0.005650079998304136s: None

worker: Warm shutdown (MainProcess)
celery beat v5.5.3 (immunity) is starting.
__    -    ... __   -        _
LocalTime -> 2025-10-21 13:27:31
Configuration ->
    . broker -> redis://localhost:6379/0
    . loader -> celery.loaders.app.AppLoader
    . scheduler -> celery.beat.PersistentScheduler
    . db -> celerybeat-schedule
    . logfile -> [stderr]@%INFO
    . maxinterval -> 5.00 minutes (300s)
 
 -------------- celery@ia-customer-portal v5.5.3 (immunity)
--- ***** ----- 
-- ******* ---- Linux-6.14.0-1013-azure-x86_64-with-glibc2.39 2025-10-21 13:28:51
- *** --- * --- 
- ** ---------- [config]
- ** ---------- .> app:         integrations:0x74686cf388c0
- ** ---------- .> transport:   redis://localhost:6379/0
- ** ---------- .> results:     redis://localhost:6379/1
- *** --- * --- .> concurrency: 2 (prefork)
-- ******* ---- .> task events: OFF (enable -E to monitor tasks in this worker)
--- ***** ----- 
 -------------- [queues]
                .> celery           exchange=celery(direct) key=celery
                

[tasks]
  . integrations.tasks.tarea_ingesta_api
  . integrations.tasks.tarea_obtener_token

[2025-10-21 13:28:51,754: INFO/MainProcess] Connected to redis://localhost:6379/0
[2025-10-21 13:28:51,761: INFO/MainProcess] mingle: searching for neighbors
[2025-10-21 13:28:52,771: INFO/MainProcess] mingle: all alone
[2025-10-21 13:28:52,781: INFO/MainProcess] celery@ia-customer-portal ready.
[2025-10-21 13:28:53,953: INFO/MainProcess] beat: Starting...

worker: Warm shutdown (MainProcess)

worker: Warm shutdown (MainProcess)
celery beat v5.5.3 (immunity) is starting.
__    -    ... __   -        _
LocalTime -> 2025-10-21 13:28:53
Configuration ->
    . broker -> redis://localhost:6379/0
    . loader -> celery.loaders.app.AppLoader
    . scheduler -> celery.beat.PersistentScheduler
    . db -> celerybeat-schedule
    . logfile -> [stderr]@%INFO
    . maxinterval -> 5.00 minutes (300s)
[2025-10-21 13:32:36,393: INFO/MainProcess] beat: Starting...
celery beat v5.5.3 (immunity) is starting.
__    -    ... __   -        _
LocalTime -> 2025-10-21 13:32:36
Configuration ->
    . broker -> redis://localhost:6379/0
    . loader -> celery.loaders.app.AppLoader
    . scheduler -> celery.beat.PersistentScheduler
    . db -> celerybeat-schedule
    . logfile -> [stderr]@%INFO
    . maxinterval -> 5.00 minutes (300s)
[2025-10-21 13:35:15,184: INFO/MainProcess] beat: Starting...
celery beat v5.5.3 (immunity) is starting.
__    -    ... __   -        _
LocalTime -> 2025-10-21 13:35:15
Configuration ->
    . broker -> redis://localhost:6379/0
    . loader -> celery.loaders.app.AppLoader
    . scheduler -> celery.beat.PersistentScheduler
    . db -> celerybeat-schedule
    . logfile -> [stderr]@%INFO
    . maxinterval -> 5.00 minutes (300s)
[2025-10-21 13:36:44,162: INFO/MainProcess] beat: Starting...
 
 -------------- celery@ia-customer-portal v5.5.3 (immunity)
--- ***** ----- 
-- ******* ---- Linux-6.14.0-1013-azure-x86_64-with-glibc2.39 2025-10-21 13:39:37
- *** --- * --- 
- ** ---------- [config]
- ** ---------- .> app:         integrations:0x72bd1f4b4860
- ** ---------- .> transport:   redis://localhost:6379/0
- ** ---------- .> results:     redis://localhost:6379/1
- *** --- * --- .> concurrency: 2 (prefork)
-- ******* ---- .> task events: OFF (enable -E to monitor tasks in this worker)
--- ***** ----- 
 -------------- [queues]
                .> celery           exchange=celery(direct) key=celery
                

[tasks]
  . integrations.tasks.tarea_ingesta_api
  . integrations.tasks.tarea_obtener_token

[2025-10-21 13:39:37,712: INFO/MainProcess] Connected to redis://localhost:6379/0
[2025-10-21 13:39:37,716: INFO/MainProcess] mingle: searching for neighbors
[2025-10-21 13:39:38,730: INFO/MainProcess] mingle: all alone
[2025-10-21 13:39:38,743: INFO/MainProcess] celery@ia-customer-portal ready.

worker: Warm shutdown (MainProcess)
celery beat v5.5.3 (immunity) is starting.
__    -    ... __   -        _
LocalTime -> 2025-10-21 13:36:44
Configuration ->
    . broker -> redis://localhost:6379/0
    . loader -> celery.loaders.app.AppLoader
    . scheduler -> celery.beat.PersistentScheduler
    . db -> celerybeat-schedule
    . logfile -> [stderr]@%INFO
    . maxinterval -> 5.00 minutes (300s)
[2025-10-21 13:40:06,657: INFO/MainProcess] beat: Starting...
celery beat v5.5.3 (immunity) is starting.
__    -    ... __   -        _
LocalTime -> 2025-10-21 13:40:06
Configuration ->
    . broker -> redis://localhost:6379/0
    . loader -> celery.loaders.app.AppLoader
    . scheduler -> celery.beat.PersistentScheduler
    . db -> celerybeat-schedule
    . logfile -> [stderr]@%INFO
    . maxinterval -> 5.00 minutes (300s)
[2025-10-21 13:41:40,152: INFO/MainProcess] beat: Starting...
celery beat v5.5.3 (immunity) is starting.
__    -    ... __   -        _
LocalTime -> 2025-10-21 13:41:40
Configuration ->
    . broker -> redis://localhost:6379/0
    . loader -> celery.loaders.app.AppLoader
    . scheduler -> celery.beat.PersistentScheduler
    . db -> celerybeat-schedule
    . logfile -> [stderr]@%INFO
    . maxinterval -> 5.00 minutes (300s)
[2025-10-21 13:45:37,221: INFO/MainProcess] beat: Starting...
celery beat v5.5.3 (immunity) is starting.
__    -    ... __   -        _
LocalTime -> 2025-10-21 13:45:37
Configuration ->
    . broker -> redis://localhost:6379/0
    . loader -> celery.loaders.app.AppLoader
    . scheduler -> celery.beat.PersistentScheduler
    . db -> celerybeat-schedule
    . logfile -> [stderr]@%INFO
    . maxinterval -> 5.00 minutes (300s)
[2025-10-21 13:48:37,866: INFO/MainProcess] beat: Starting...
celery beat v5.5.3 (immunity) is starting.
__    -    ... __   -        _
LocalTime -> 2025-10-21 13:48:37
Configuration ->
    . broker -> redis://localhost:6379/0
    . loader -> celery.loaders.app.AppLoader
    . scheduler -> celery.beat.PersistentScheduler
    . db -> celerybeat-schedule
    . logfile -> [stderr]@%INFO
    . maxinterval -> 5.00 minutes (300s)
[2025-10-21 13:51:20,699: INFO/MainProcess] beat: Starting...
celery beat v5.5.3 (immunity) is starting.
__    -    ... __   -        _
LocalTime -> 2025-10-21 13:51:20
Configuration ->
    . broker -> redis://localhost:6379/0
    . loader -> celery.loaders.app.AppLoader
    . scheduler -> celery.beat.PersistentScheduler
    . db -> celerybeat-schedule
    . logfile -> [stderr]@%INFO
    . maxinterval -> 5.00 minutes (300s)
[2025-10-21 13:57:18,339: INFO/MainProcess] beat: Starting...
[2025-10-21 14:00:00,011: INFO/MainProcess] Scheduler: Sending due task obtener-token-cada-hora (integrations.tasks.tarea_obtener_token)
celery beat v5.5.3 (immunity) is starting.
__    -    ... __   -        _
LocalTime -> 2025-10-21 13:57:18
Configuration ->
    . broker -> redis://localhost:6379/0
    . loader -> celery.loaders.app.AppLoader
    . scheduler -> celery.beat.PersistentScheduler
    . db -> celerybeat-schedule
    . logfile -> [stderr]@%INFO
    . maxinterval -> 5.00 minutes (300s)
[2025-10-21 14:00:55,642: INFO/MainProcess] beat: Starting...
celery beat v5.5.3 (immunity) is starting.
__    -    ... __   -        _
LocalTime -> 2025-10-21 14:00:55
Configuration ->
    . broker -> redis://localhost:6379/0
    . loader -> celery.loaders.app.AppLoader
    . scheduler -> celery.beat.PersistentScheduler
    . db -> celerybeat-schedule
    . logfile -> [stderr]@%INFO
    . maxinterval -> 5.00 minutes (300s)
[2025-10-21 14:03:38,491: INFO/MainProcess] beat: Starting...
celery beat v5.5.3 (immunity) is starting.
__    -    ... __   -        _
LocalTime -> 2025-10-21 14:03:38
Configuration ->
    . broker -> redis://localhost:6379/0
    . loader -> celery.loaders.app.AppLoader
    . scheduler -> celery.beat.PersistentScheduler
    . db -> celerybeat-schedule
    . logfile -> [stderr]@%INFO
    . maxinterval -> 5.00 minutes (300s)
[2025-10-21 14:04:40,691: INFO/MainProcess] beat: Starting...
celery beat v5.5.3 (immunity) is starting.
__    -    ... __   -        _
LocalTime -> 2025-10-21 14:04:40
Configuration ->
    . broker -> redis://localhost:6379/0
    . loader -> celery.loaders.app.AppLoader
    . scheduler -> celery.beat.PersistentScheduler
    . db -> celerybeat-schedule
    . logfile -> [stderr]@%INFO
    . maxinterval -> 5.00 minutes (300s)
[2025-10-21 14:07:40,250: INFO/MainProcess] beat: Starting...
celery beat v5.5.3 (immunity) is starting.
__    -    ... __   -        _
LocalTime -> 2025-10-21 14:07:40
Configuration ->
    . broker -> redis://localhost:6379/0
    . loader -> celery.loaders.app.AppLoader
    . scheduler -> celery.beat.PersistentScheduler
    . db -> celerybeat-schedule
    . logfile -> [stderr]@%INFO
    . maxinterval -> 5.00 minutes (300s)
[2025-10-21 14:10:18,047: INFO/MainProcess] beat: Starting...
celery beat v5.5.3 (immunity) is starting.
__    -    ... __   -        _
LocalTime -> 2025-10-21 14:10:18
Configuration ->
    . broker -> redis://localhost:6379/0
    . loader -> celery.loaders.app.AppLoader
    . scheduler -> celery.beat.PersistentScheduler
    . db -> celerybeat-schedule
    . logfile -> [stderr]@%INFO
    . maxinterval -> 5.00 minutes (300s)
[2025-10-21 14:11:03,399: INFO/MainProcess] beat: Starting...
celery beat v5.5.3 (immunity) is starting.
__    -    ... __   -        _
LocalTime -> 2025-10-21 14:11:03
Configuration ->
    . broker -> redis://localhost:6379/0
    . loader -> celery.loaders.app.AppLoader
    . scheduler -> celery.beat.PersistentScheduler
    . db -> celerybeat-schedule
    . logfile -> [stderr]@%INFO
    . maxinterval -> 5.00 minutes (300s)
[2025-10-21 14:14:05,616: INFO/MainProcess] beat: Starting...
celery beat v5.5.3 (immunity) is starting.
__    -    ... __   -        _
LocalTime -> 2025-10-21 14:14:05
Configuration ->
    . broker -> redis://localhost:6379/0
    . loader -> celery.loaders.app.AppLoader
    . scheduler -> celery.beat.PersistentScheduler
    . db -> celerybeat-schedule
    . logfile -> [stderr]@%INFO
    . maxinterval -> 5.00 minutes (300s)
[2025-10-21 14:17:13,047: INFO/MainProcess] beat: Starting...
celery beat v5.5.3 (immunity) is starting.
__    -    ... __   -        _
LocalTime -> 2025-10-21 14:17:13
Configuration ->
    . broker -> redis://localhost:6379/0
    . loader -> celery.loaders.app.AppLoader
    . scheduler -> celery.beat.PersistentScheduler
    . db -> celerybeat-schedule
    . logfile -> [stderr]@%INFO
    . maxinterval -> 5.00 minutes (300s)
[2025-10-21 14:19:25,644: INFO/MainProcess] beat: Starting...
celery beat v5.5.3 (immunity) is starting.
__    -    ... __   -        _
LocalTime -> 2025-10-21 14:19:25
Configuration ->
    . broker -> redis://localhost:6379/0
    . loader -> celery.loaders.app.AppLoader
    . scheduler -> celery.beat.PersistentScheduler
    . db -> celerybeat-schedule
    . logfile -> [stderr]@%INFO
    . maxinterval -> 5.00 minutes (300s)
[2025-10-21 14:21:30,436: INFO/MainProcess] beat: Starting...
celery beat v5.5.3 (immunity) is starting.
__    -    ... __   -        _
LocalTime -> 2025-10-21 14:21:30
Configuration ->
    . broker -> redis://localhost:6379/0
    . loader -> celery.loaders.app.AppLoader
    . scheduler -> celery.beat.PersistentScheduler
    . db -> celerybeat-schedule
    . logfile -> [stderr]@%INFO
    . maxinterval -> 5.00 minutes (300s)
[2025-10-21 14:23:43,350: INFO/MainProcess] beat: Starting...
